
<div class="header">
 	<h1>Hello</h1>
 	<ul class="header-navigation">
 		<li>John</li>
 		<li class="double">LI</li>
 	</ul>
</div>
