
<div class="header">
 	<h1>Hello <small>world</small></h1>

</div>
