
<div class="header">
 	<div class="header-image"><img src="test.jpg"></div>
 	<h1>Hello World</h1>
 	<ul class="header-navigation">
 		<li>John</li>
 	</ul>
</div>
