
<div class="module">
	<div class="module-wrapper">
		<div class="module-title"><h2>Hello World</h2></div>
		<div class="module-body">body</div>
	</div>
</div>
