
<div class="header-wraped"><div class="header">
	<h1>Hello</h1>
	<ul class="header-navigation">
		<li>John</li>
	</ul>
</div>
</div>
